2026-01-27 18:14:16,890{GMT}	WARN	[jepsen test runner] jepsen.core: Test crashed!
java.nio.file.FileSystemException: store\current: A required privilege is not held by the client.

	at java.base/sun.nio.fs.WindowsException.translateToIOException(WindowsException.java:92)
	at java.base/sun.nio.fs.WindowsException.rethrowAsIOException(WindowsException.java:103)
	at java.base/sun.nio.fs.WindowsException.rethrowAsIOException(WindowsException.java:108)
	at java.base/sun.nio.fs.WindowsFileSystemProvider.createSymbolicLink(WindowsFileSystemProvider.java:581)
	at java.base/java.nio.file.Files.createSymbolicLink(Files.java:1058)
	at jepsen.store$update_symlink_BANG_.invokeStatic(store.clj:341)
	at jepsen.store$update_symlink_BANG_.invoke(store.clj:331)
	at jepsen.store$update_current_symlink_BANG_.invokeStatic(store.clj:348)
	at jepsen.store$update_current_symlink_BANG_.invoke(store.clj:344)
	at jepsen.store$start_logging_BANG_.invokeStatic(store.clj:506)
	at jepsen.store$start_logging_BANG_.invoke(store.clj:486)
	at jepsen.core$run_BANG_.invokeStatic(core.clj:391)
	at jepsen.core$run_BANG_.invoke(core.clj:322)
	at jepsen.cli$single_test_cmd$fn__15082.invoke(cli.clj:396)
	at jepsen.cli$run_BANG_.invokeStatic(cli.clj:329)
	at jepsen.cli$run_BANG_.invoke(cli.clj:258)
	at maelstrom.core$_main.invokeStatic(core.clj:269)
	at maelstrom.core$_main.doInvoke(core.clj:267)
	at clojure.lang.RestFn.applyTo(RestFn.java:140)
	at maelstrom.core.main(Unknown Source)
